[
  {
    "warehouseMutated": {
      "eventType": "UPDATED",
      "warehouse": {
        "name": "Secret Warehouse",
        "location": "Vinnytsia"
      }
    }
  }
]
