{
  "data": {
    "warehouse": {
      "items": [
        {
          "name": "Warehouse A",
          "location": "New York"
        }
      ],
      "totalCount": 1
    }
  }
}
