{
  "data": {
    "deleteWarehouse": {
      "boolean": null,
      "errors": [
        {
          "__typename": "EntityNotFoundError",
          "message": "Warehouse with ID 00000000-0000-0000-0000-000000000000 not found."
        }
      ]
    }
  }
}
