{
  "data": {
    "createWarehouse": {
      "name": "Normal Warehouse",
      "location": "Lutsk",
      "__typename": "CreateWarehousePayload",
      "errors": null
    }
  }
}
