{
  "data": {
    "warehouse": {
      "items": [],
      "totalCount": 11
    }
  }
}
