{
  "data": {
    "warehouse": {
      "items": [
        {
          "name": "Warehouse B",
          "location": "Rivne"
        }
      ],
      "totalCount": 1
    }
  }
}
