[
  {
    "warehouseMutated": {
      "eventType": "DELETED",
      "warehouse": {
        "name": "Warehouse E",
        "location": "London"
      }
    }
  }
]
