{
  "data": {
    "warehouseById": {
      "id": "089a905d-660d-46d3-97b5-2933747387bc",
      "name": "Warehouse A",
      "location": "New York"
    }
  }
}
