[
  {
    "warehouseMutated": {
      "eventType": "CREATED",
      "warehouse": {
        "name": "Normal Warehouse",
        "location": "Lutskiy"
      }
    }
  }
]
