{
  "data": {
    "deleteWarehouse": {
      "boolean": true,
      "errors": null
    }
  }
}
