{
  "data": {
    "warehouse": {
      "items": [],
      "totalCount": 0
    }
  }
}
