[
  {
    "warehouseCreated": {
      "name": "Normal Warehouse",
      "location": "Lutskiy"
    }
  }
]
