[
  {
    "warehouseUpdated": {
      "name": "Secret Warehouse",
      "location": "Vinnytsia",
      "id": "4e9ae812-9308-41e7-aaa5-32379c4c2b3d"
    }
  }
]
